      "m1_power_60m_mean_missing",
      "m1_power_60m_min",
      "m1_power_60m_min_missing",
      "m1_power_60m_ramp",
      "m1_power_60m_ramp_missing",
      "m1_power_60m_std",
      "m1_power_60m_std_missing",
      "m1_wd_cos_15m_last",
      "m1_wd_cos_15m_last_missing",
      "m1_wd_cos_15m_mean",
      "m1_wd_cos_15m_mean_missing",
      "m1_wd_cos_15m_std",
      "m1_wd_cos_15m_std_missing",
      "m1_wd_cos_30m_last",
      "m1_wd_cos_30m_last_missing",
      "m1_wd_cos_30m_mean",
      "m1_wd_cos_30m_mean_missing",
      "m1_wd_cos_30m_std",
      "m1_wd_cos_30m_std_missing",
      "m1_wd_cos_60m_last",
      "m1_wd_cos_60m_last_missing",
      "m1_wd_cos_60m_mean",
      "m1_wd_cos_60m_mean_missing",
      "m1_wd_cos_60m_std",
      "m1_wd_cos_60m_std_missing",
      "m1_wd_sin_15m_last",
      "m1_wd_sin_15m_last_missing",
      "m1_wd_sin_15m_mean",
      "m1_wd_sin_15m_mean_missing",
      "m1_wd_sin_15m_std",
      "m1_wd_sin_15m_std_missing",
      "m1_wd_sin_30m_last",
      "m1_wd_sin_30m_last_missing",
      "m1_wd_sin_30m_mean",
      "m1_wd_sin_30m_mean_missing",
      "m1_wd_sin_30m_std",
      "m1_wd_sin_30m_std_missing",
      "m1_wd_sin_60m_last",
      "m1_wd_sin_60m_last_missing",
      "m1_wd_sin_60m_mean",
      "m1_wd_sin_60m_mean_missing",
      "m1_wd_sin_60m_std",
      "m1_wd_sin_60m_std_missing",
      "m1_ws_15m_last",
      "m1_ws_15m_last_missing",
      "m1_ws_15m_max",
      "m1_ws_15m_max_missing",
      "m1_ws_15m_mean",
      "m1_ws_15m_mean_missing",
      "m1_ws_15m_min",
      "m1_ws_15m_min_missing",
      "m1_ws_15m_ramp",
      "m1_ws_15m_ramp_missing",
      "m1_ws_15m_std",
      "m1_ws_15m_std_missing",
      "m1_ws_30m_last",
      "m1_ws_30m_last_missing",
      "m1_ws_30m_max",
      "m1_ws_30m_max_missing",
      "m1_ws_30m_mean",
      "m1_ws_30m_mean_missing",
      "m1_ws_30m_min",
      "m1_ws_30m_min_missing",
      "m1_ws_30m_ramp",
      "m1_ws_30m_ramp_missing",
      "m1_ws_30m_std",
      "m1_ws_30m_std_missing",
      "m1_ws_60m_last",
      "m1_ws_60m_last_missing",
      "m1_ws_60m_max",
      "m1_ws_60m_max_missing",
      "m1_ws_60m_mean",
      "m1_ws_60m_mean_missing",
      "m1_ws_60m_min",
      "m1_ws_60m_min_missing",
      "m1_ws_60m_ramp",
      "m1_ws_60m_ramp_missing",
      "m1_ws_60m_std",
      "m1_ws_60m_std_missing",
      "nacelle_mean",
      "power_mean",
      "tower_humidity_10m",
      "tower_humidity_10m_missing",
      "tower_pressure_10m",
      "tower_pressure_10m_missing",
      "tower_temperature_10m",
      "tower_temperature_10m_missing",
      "tower_wd_10m",
      "tower_wd_10m_missing",
      "tower_wd_125m",
      "tower_wd_125m_missing",
      "tower_wd_30m",
      "tower_wd_30m_missing",
      "tower_wd_50m",
      "tower_wd_50m_missing",
      "tower_wd_70m",
      "tower_wd_70m_missing",
      "tower_ws_10m",
      "tower_ws_10m_missing",
      "tower_ws_125m",
      "tower_ws_125m_missing",
      "tower_ws_30m",
      "tower_ws_30m_missing",
      "tower_ws_50m",
      "tower_ws_50m_missing",
      "tower_ws_70m",
      "tower_ws_70m_missing",
      "wd_mean",
      "ws_mean",
      "ws_std"
    ],
    "turbine_order": [
      "S01",
      "S02",
      "S03",
      "S04",
      "S05",
      "S06",
      "S07",
      "S08",
      "S09",
      "S10",
      "S11",
      "S12",
      "S13",
      "S14",
      "S15",
      "S16",
      "S17",
      "S18",
      "S19",
      "S20",
      "S21",
      "S22",
      "S23",
      "S24",
      "S25",
      "S26",
      "S27",
      "S28",
      "S29",
      "S30",
      "S31",
      "S32",
      "S33",
      "S34",
      "S35",
      "S36",
      "S37",
      "S38",
      "S39",
      "S40",
      "S41",
      "S42",
      "S43",
      "S44",
      "S45",
      "S46"
    ],
    "supports": 2,
    "support_mode": "distance_correlation",
    "adaptive_adj": true,
    "residual_channels": 32,
    "dilation_channels": 32,
    "skip_channels": 128,
    "end_channels": 256,
    "kernel_size": 2,
    "blocks": 2,
    "layers": 2,
    "graph_order": 2,
    "num_workers": 0,
    "stats_chunk_size": 32,
    "device": "cuda",
    "output_dir": "/home3/s502024280003/Wind_Prediction/15min-lead/wind/artifacts/server_runs/gwnet_full_run"
  },
  "val": {
    "mae": 0.34819018840789795,
    "rmse": 0.4467325990711027,
    "r2": 0.8014766573905945,
    "mae_macro": 0.3481901501831801,
    "rmse_macro": 0.4450467181632451,
    "r2_macro": 0.7935095649698506,
    "split": "val"
  },
  "test": {
    "mae": 0.4149622619152069,
    "rmse": 0.5384297181384626,
    "r2": 0.5357152223587036,
    "mae_macro": 0.4149622651545898,
    "rmse_macro": 0.5147941167196857,
    "r2_macro": 0.36554712575414905,
    "split": "test"
  }
}


PS:

Read file </home3/s502024280003/Wind_Prediction/logs/5934.xinyang_gwnet_full.err> for stderr output of this job.

