Sender: LSF System <lsfadmin@asc2-gn01>
Subject: Job 6082: <xinyang_cfc_single> in cluster <asc2> Done

Job <xinyang_cfc_single> was submitted from host <asc2-log01> by user <s502024280003> in cluster <asc2> at Sun Jun 14 19:42:22 2026
Job was executed on host(s) <8*asc2-gn01>, in queue <gpu>, as user <s502024280003> in cluster <asc2> at Sun Jun 14 19:42:22 2026
</home3/s502024280003> was used as the home directory.
</home3/s502024280003/Wind_Prediction> was used as the working directory.
Started at Sun Jun 14 19:42:22 2026
Terminated at Sun Jun 14 19:44:15 2026
Results reported at Sun Jun 14 19:44:15 2026

Your job looked like:

------------------------------------------------------------
# LSBATCH: User input
#!/bin/bash
#BSUB -J xinyang_cfc_single
#BSUB -q gpu
#BSUB -n 8
#BSUB -gpu "num=1"
#BSUB -R "span[hosts=1]"
#BSUB -R "rusage[mem=24GB]"
#BSUB -W 08:00
#BSUB -o /home3/s502024280003/Wind_Prediction/logs/%J.xinyang_cfc_single.out
#BSUB -e /home3/s502024280003/Wind_Prediction/logs/%J.xinyang_cfc_single.err

set -eo pipefail

PROJECT_ROOT="/home3/s502024280003/Wind_Prediction"
RUN_ROOT="$PROJECT_ROOT/15min-lead/wind/artifacts/server_runs"
TURBINE_ID="${TURBINE_ID:-S29}"
RUN_DIR="$RUN_ROOT/cfc_single_${TURBINE_ID}"
ENV_NAME="${ENV_NAME:-AIRU-WRF-torch}"

mkdir -p "$PROJECT_ROOT/logs"
mkdir -p "$RUN_DIR"
cd "$PROJECT_ROOT"

if command -v conda >/dev/null 2>&1; then
  eval "$(conda shell.bash hook)"
  set +u
  conda activate "$ENV_NAME"
  set -u
elif [ -f ".venv/bin/activate" ]; then
  set +u
  source .venv/bin/activate
  set -u
fi

python --version
python -c "import ncps; print('ncps ok')"

python 15min-lead/wind/scripts/train_cfc_baseline.py \
  --split-config "$PROJECT_ROOT/15min-lead/wind/configs/splits/xinyang_7_2_1_server.yaml" \
  --turbine-id "$TURBINE_ID" \
  --feature-columns ws_mean \
  --max-turbines 1 \
  --batch-size 128 \
  --epochs 30 \
  --output-dir "$RUN_DIR"

------------------------------------------------------------

Successfully completed.

Resource usage summary:

    CPU time :                                   86.47 sec.
    Max Memory :                                 1234 MB
    Average Memory :                             496.13 MB
    Total Requested Memory :                     24576.00 MB
    Delta Memory :                               23342.00 MB
    Max Swap :                                   -
    Max Processes :                              4
    Max Threads :                                346
    Run time :                                   112 sec.
    Turnaround time :                            113 sec.

The output (if any) follows:

Python 3.10.20
ncps ok
{
  "summary": {
    "experiment_name": "xinyang_15min_wind_speed",
    "x_train_shape": [
      2324,
      32,
      1,
      1
    ],
    "x_val_shape": [
      6465,
      32,
      1,
      1
    ],
    "x_test_shape": [
      3179,
      32,
      1,
      1
    ],
    "estimated_dense_window_gib": 0.0014712810516357422,
    "feature_columns": [
      "ws_mean"
    ],
    "turbine_order": [
      "S29"
    ],
    "hidden_size": 128,
    "mode": "default",
    "mixed_memory": false,
    "backbone_units": 128,
    "backbone_layers": 1,
    "backbone_dropout": 0.0,
    "include_tower": false,
    "include_1min": false,
    "turbine_id": "S29",
    "output_dir": "/home3/s502024280003/Wind_Prediction/15min-lead/wind/artifacts/server_runs/cfc_single_S29"
  },
  "val": {
    "mae": 0.3960282802581787,
    "rmse": 0.5651665636998298,
    "r2": 0.9131882190704346,
    "count": 6465,
    "mae_macro": 0.3960282802581787,
    "rmse_macro": 0.5651665636998298,
    "r2_macro": 0.9131882190704346,
    "split": "val"
  },
  "test": {
    "mae": 0.42389193177223206,
    "rmse": 0.6134410334138941,
    "r2": 0.9161860346794128,
    "count": 3179,
    "mae_macro": 0.42389193177223206,
    "rmse_macro": 0.6134410334138941,
    "r2_macro": 0.9161860346794128,
    "split": "test"
  }
}


PS:

Read file </home3/s502024280003/Wind_Prediction/logs/6082.xinyang_cfc_single.err> for stderr output of this job.

