      "m1_wd_cos_60m_std",
      "m1_wd_cos_60m_std_missing",
      "m1_wd_sin_15m_last",
      "m1_wd_sin_15m_last_missing",
      "m1_wd_sin_15m_mean",
      "m1_wd_sin_15m_mean_missing",
      "m1_wd_sin_15m_std",
      "m1_wd_sin_15m_std_missing",
      "m1_wd_sin_30m_last",
      "m1_wd_sin_30m_last_missing",
      "m1_wd_sin_30m_mean",
      "m1_wd_sin_30m_mean_missing",
      "m1_wd_sin_30m_std",
      "m1_wd_sin_30m_std_missing",
      "m1_wd_sin_60m_last",
      "m1_wd_sin_60m_last_missing",
      "m1_wd_sin_60m_mean",
      "m1_wd_sin_60m_mean_missing",
      "m1_wd_sin_60m_std",
      "m1_wd_sin_60m_std_missing",
      "m1_ws_15m_last",
      "m1_ws_15m_last_missing",
      "m1_ws_15m_max",
      "m1_ws_15m_max_missing",
      "m1_ws_15m_mean",
      "m1_ws_15m_mean_missing",
      "m1_ws_15m_min",
      "m1_ws_15m_min_missing",
      "m1_ws_15m_ramp",
      "m1_ws_15m_ramp_missing",
      "m1_ws_15m_std",
      "m1_ws_15m_std_missing",
      "m1_ws_30m_last",
      "m1_ws_30m_last_missing",
      "m1_ws_30m_max",
      "m1_ws_30m_max_missing",
      "m1_ws_30m_mean",
      "m1_ws_30m_mean_missing",
      "m1_ws_30m_min",
      "m1_ws_30m_min_missing",
      "m1_ws_30m_ramp",
      "m1_ws_30m_ramp_missing",
      "m1_ws_30m_std",
      "m1_ws_30m_std_missing",
      "m1_ws_60m_last",
      "m1_ws_60m_last_missing",
      "m1_ws_60m_max",
      "m1_ws_60m_max_missing",
      "m1_ws_60m_mean",
      "m1_ws_60m_mean_missing",
      "m1_ws_60m_min",
      "m1_ws_60m_min_missing",
      "m1_ws_60m_ramp",
      "m1_ws_60m_ramp_missing",
      "m1_ws_60m_std",
      "m1_ws_60m_std_missing",
      "nacelle_mean",
      "power_mean",
      "profile_shear_alpha_10m_125m",
      "profile_shear_alpha_10m_125m_missing",
      "profile_shear_alpha_70m_125m",
      "profile_shear_alpha_70m_125m_missing",
      "profile_veer_10m_125m_abs",
      "profile_veer_10m_125m_abs_missing",
      "profile_veer_10m_125m_cos",
      "profile_veer_10m_125m_cos_missing",
      "profile_veer_10m_125m_sin",
      "profile_veer_10m_125m_sin_missing",
      "profile_veer_70m_125m_abs",
      "profile_veer_70m_125m_abs_missing",
      "profile_veer_70m_125m_cos",
      "profile_veer_70m_125m_cos_missing",
      "profile_veer_70m_125m_sin",
      "profile_veer_70m_125m_sin_missing",
      "tower_humidity_10m",
      "tower_humidity_10m_missing",
      "tower_pressure_10m",
      "tower_pressure_10m_missing",
      "tower_temperature_10m",
      "tower_temperature_10m_missing",
      "tower_wd_10m",
      "tower_wd_10m_missing",
      "tower_wd_125m",
      "tower_wd_125m_missing",
      "tower_wd_30m",
      "tower_wd_30m_missing",
      "tower_wd_50m",
      "tower_wd_50m_missing",
      "tower_wd_70m",
      "tower_wd_70m_missing",
      "tower_ws_10m",
      "tower_ws_10m_missing",
      "tower_ws_125m",
      "tower_ws_125m_missing",
      "tower_ws_30m",
      "tower_ws_30m_missing",
      "tower_ws_50m",
      "tower_ws_50m_missing",
      "tower_ws_70m",
      "tower_ws_70m_missing",
      "wd_mean",
      "ws_mean",
      "ws_std"
    ],
    "turbine_order": [
      "S01",
      "S02",
      "S03",
      "S04",
      "S05",
      "S06",
      "S07",
      "S08",
      "S09",
      "S10",
      "S11",
      "S12",
      "S13",
      "S14",
      "S15",
      "S16",
      "S17",
      "S18",
      "S19",
      "S20",
      "S21",
      "S22",
      "S23",
      "S24",
      "S25",
      "S26",
      "S27",
      "S28",
      "S29",
      "S30",
      "S31",
      "S32",
      "S33",
      "S34",
      "S35",
      "S36",
      "S37",
      "S38",
      "S39",
      "S40",
      "S41",
      "S42",
      "S43",
      "S44",
      "S45",
      "S46"
    ],
    "min_target_coverage": 0.85,
    "min_target_count": 40,
    "supports": 2,
    "support_mode": "distance_correlation",
    "adaptive_adj": true,
    "dynamic_directional_support": false,
    "direction_support_source": "auto",
    "direction_support_sigma_deg": 35.0,
    "residual_channels": 32,
    "dilation_channels": 32,
    "skip_channels": 128,
    "end_channels": 256,
    "kernel_size": 2,
    "blocks": 2,
    "layers": 2,
    "graph_order": 2,
    "num_workers": 0,
    "stats_chunk_size": 32,
    "device": "cuda",
    "output_dir": "/home3/s502024280003/Wind_Prediction/15min-lead/wind/artifacts/server_runs/gwnet_full_derived_core_run"
  },
  "val": {
    "mae": 0.33121421933174133,
    "rmse": 0.4469019314846895,
    "r2": 0.9478243589401245,
    "count": 269659,
    "mae_macro": 0.3313144769357598,
    "rmse_macro": 0.4467678642002008,
    "r2_macro": 0.9472083514151366,
    "split": "val"
  },
  "test": {
    "mae": 0.33805644512176514,
    "rmse": 0.4547808253151882,
    "r2": 0.9548261761665344,
    "count": 131102,
    "mae_macro": 0.33812044236970984,
    "rmse_macro": 0.4544038992782497,
    "r2_macro": 0.9543282622876375,
    "split": "test"
  }
}


PS:

Read file </home3/s502024280003/Wind_Prediction/logs/6077.xinyang_gwnet_full_derived.err> for stderr output of this job.

