Sender: LSF System <lsfadmin@asc2-gn01>
Subject: Job 6319: <huaian_gwnet_hubws_1minagg> in cluster <asc2> Done

Job <huaian_gwnet_hubws_1minagg> was submitted from host <asc2-log01> by user <s502024280003> in cluster <asc2> at Sat Jul  4 11:37:47 2026
Job was executed on host(s) <8*asc2-gn01>, in queue <gpu>, as user <s502024280003> in cluster <asc2> at Sat Jul  4 11:37:48 2026
</home3/s502024280003> was used as the home directory.
</home3/s502024280003/Wind_Prediction> was used as the working directory.
Started at Sat Jul  4 11:37:48 2026
Terminated at Sat Jul  4 11:41:36 2026
Results reported at Sat Jul  4 11:41:36 2026

Your job looked like:

------------------------------------------------------------
# LSBATCH: User input
#!/bin/bash
#BSUB -J huaian_gwnet_hubws_1minagg
#BSUB -q gpu
#BSUB -n 8
#BSUB -gpu "num=1"
#BSUB -R "span[hosts=1]"
#BSUB -R "rusage[mem=32GB]"
#BSUB -W 10:00
#BSUB -o /home3/s502024280003/Wind_Prediction/logs/%J.huaian_gwnet_hubws_1minagg.out
#BSUB -e /home3/s502024280003/Wind_Prediction/logs/%J.huaian_gwnet_hubws_1minagg.err

set -eo pipefail

PROJECT_ROOT="/home3/s502024280003/Wind_Prediction"
STORE_DIR="$PROJECT_ROOT/15min-lead/wind/artifacts/server_runs/huaian_store_hubws_from_1minagg"
RUN_DIR="$PROJECT_ROOT/15min-lead/wind/artifacts/server_runs/huaian_gwnet_hubws_from_1minagg_run"
ENV_NAME="${ENV_NAME:-AIRU-WRF-torch}"

mkdir -p "$PROJECT_ROOT/logs"
mkdir -p "$RUN_DIR"
cd "$PROJECT_ROOT"

if command -v conda >/dev/null 2>&1; then
  eval "$(conda shell.bash hook)"
  set +u
  conda activate "$ENV_NAME"
  set -u
elif [ -f ".venv/bin/activate" ]; then
  set +u
  source .venv/bin/activate
  set -u
fi

python --version

python 15min-lead/wind/scripts/train_gwnet_from_store.py \
  --store-dir "$STORE_DIR" \
  --support-mode distance_correlation \
  --epochs 30 \
  --batch-size 64 \
  --residual-channels 32 \
  --dilation-channels 32 \
  --skip-channels 128 \
  --end-channels 256 \
  --kernel-size 2 \
  --blocks 2 \
  --layers 2 \
  --graph-order 2 \
  --output-dir "$RUN_DIR"

------------------------------------------------------------

Successfully completed.

Resource usage summary:

    CPU time :                                   249.34 sec.
    Max Memory :                                 929 MB
    Average Memory :                             843.12 MB
    Total Requested Memory :                     32768.00 MB
    Delta Memory :                               31839.00 MB
    Max Swap :                                   -
    Max Processes :                              6
    Max Threads :                                150
    Run time :                                   228 sec.
    Turnaround time :                            229 sec.

The output (if any) follows:

Python 3.10.20
{
  "summary": {
    "store_dir": "/home3/s502024280003/Wind_Prediction/15min-lead/wind/artifacts/server_runs/huaian_store_hubws_from_1minagg",
    "x_train_windows": 36760,
    "x_val_windows": 12688,
    "x_test_windows": 5333,
    "lookback_steps": 32,
    "horizon_steps": 1,
    "feature_columns": [
      "ws_mean"
    ],
    "turbine_order": [
      "F01",
      "F02",
      "F03",
      "F04",
      "F05",
      "F06",
      "F07",
      "F08",
      "F09",
      "F10",
      "F11",
      "F12",
      "F13",
      "F14",
      "F15",
      "F16",
      "F17",
      "F18",
      "F19",
      "F20"
    ],
    "min_target_coverage": 0.85,
    "min_target_count": 17,
    "supports": 2,
    "support_mode": "distance_correlation",
    "adaptive_adj": true,
    "dynamic_directional_support": false,
    "direction_support_source": "auto",
    "direction_support_sigma_deg": 35.0,
    "residual_channels": 32,
    "dilation_channels": 32,
    "skip_channels": 128,
    "end_channels": 256,
    "kernel_size": 2,
    "blocks": 2,
    "layers": 2,
    "graph_order": 2,
    "num_workers": 0,
    "stats_chunk_size": 32,
    "device": "cuda",
    "output_dir": "/home3/s502024280003/Wind_Prediction/15min-lead/wind/artifacts/server_runs/huaian_gwnet_hubws_from_1minagg_run"
  },
  "val": {
    "mae": 0.39666929841041565,
    "rmse": 0.5399801763675252,
    "r2": 0.9417931437492371,
    "count": 253535,
    "mae_macro": 0.3966759294271469,
    "rmse_macro": 0.5395761308540941,
    "r2_macro": 0.9415169268846512,
    "split": "val"
  },
  "test": {
    "mae": 0.404790461063385,
    "rmse": 0.5502070145721789,
    "r2": 0.9309505224227905,
    "count": 106584,
    "mae_macro": 0.4048024445772171,
    "rmse_macro": 0.5493223112980532,
    "r2_macro": 0.9307399958372116,
    "split": "test"
  }
}


PS:

Read file </home3/s502024280003/Wind_Prediction/logs/6319.huaian_gwnet_hubws_1minagg.err> for stderr output of this job.

